// Jest Snapshot v1, https://goo.gl/fbAQLP

exports[`FilmList Ccomponent tests Component renders correctly 1`] = `
<div
  className="mainFilmListContainer"
>
  <div
    className="imageContainer"
  >
    <img
      alt="filmImage"
      className="imageFilmOn"
      src="https://m.media-amazon.com/images/M/MV5BOTRlNWQwM2ItNjkyZC00MGI3LThkYjktZmE5N2FlMzcyNTIyXkEyXkFqcGdeQXVyMTEyNzgwMDUw._V1_SX300.jpg"
    />
  </div>
  <div
    className="filmListContainer"
  >
    <div
      className="filmListShow"
    >
      <div
        className="filmInfoContainer"
        onMouseEnter={[Function]}
        onMouseLeave={[Function]}
      >
        <a
          href="/film/tt0372784"
          onClick={[Function]}
        >
          <div
            className="filmName"
          >
            <p
              title="Batman Begins"
            >
              Batman Begins
            </p>
          </div>
        </a>
        <div
          className="addInfo"
        >
          <p>
            2005
          </p>
          <p>
            movie
          </p>
        </div>
      </div>
      <div
        className="filmInfoContainer"
        onMouseEnter={[Function]}
        onMouseLeave={[Function]}
      >
        <a
          href="/film/tt1877830"
          onClick={[Function]}
        >
          <div
            className="filmName"
          >
            <p
              title="The Batman"
            >
              The Batman
            </p>
          </div>
        </a>
        <div
          className="addInfo"
        >
          <p>
            2022
          </p>
          <p>
            movie
          </p>
        </div>
      </div>
      <div
        className="filmInfoContainer"
        onMouseEnter={[Function]}
        onMouseLeave={[Function]}
      >
        <a
          href="/film/tt2975590"
          onClick={[Function]}
        >
          <div
            className="filmName"
          >
            <p
              title="Batman v Superman: Dawn of Justice"
            >
              Batman v Superman: Dawn o...
            </p>
          </div>
        </a>
        <div
          className="addInfo"
        >
          <p>
            2016
          </p>
          <p>
            movie
          </p>
        </div>
      </div>
      <div
        className="filmInfoContainer"
        onMouseEnter={[Function]}
        onMouseLeave={[Function]}
      >
        <a
          href="/film/tt0096895"
          onClick={[Function]}
        >
          <div
            className="filmName"
          >
            <p
              title="Batman"
            >
              Batman
            </p>
          </div>
        </a>
        <div
          className="addInfo"
        >
          <p>
            1989
          </p>
          <p>
            movie
          </p>
        </div>
      </div>
      <div
        className="filmInfoContainer"
        onMouseEnter={[Function]}
        onMouseLeave={[Function]}
      >
        <a
          href="/film/tt0103776"
          onClick={[Function]}
        >
          <div
            className="filmName"
          >
            <p
              title="Batman Returns"
            >
              Batman Returns
            </p>
          </div>
        </a>
        <div
          className="addInfo"
        >
          <p>
            1992
          </p>
          <p>
            movie
          </p>
        </div>
      </div>
      <div
        className="filmInfoContainer"
        onMouseEnter={[Function]}
        onMouseLeave={[Function]}
      >
        <a
          href="/film/tt0118688"
          onClick={[Function]}
        >
          <div
            className="filmName"
          >
            <p
              title="Batman & Robin"
            >
              Batman & Robin
            </p>
          </div>
        </a>
        <div
          className="addInfo"
        >
          <p>
            1997
          </p>
          <p>
            movie
          </p>
        </div>
      </div>
      <div
        className="filmInfoContainer"
        onMouseEnter={[Function]}
        onMouseLeave={[Function]}
      >
        <a
          href="/film/tt0112462"
          onClick={[Function]}
        >
          <div
            className="filmName"
          >
            <p
              title="Batman Forever"
            >
              Batman Forever
            </p>
          </div>
        </a>
        <div
          className="addInfo"
        >
          <p>
            1995
          </p>
          <p>
            movie
          </p>
        </div>
      </div>
      <div
        className="filmInfoContainer"
        onMouseEnter={[Function]}
        onMouseLeave={[Function]}
      >
        <a
          href="/film/tt4116284"
          onClick={[Function]}
        >
          <div
            className="filmName"
          >
            <p
              title="The Lego Batman Movie"
            >
              The Lego Batman Movie
            </p>
          </div>
        </a>
        <div
          className="addInfo"
        >
          <p>
            2017
          </p>
          <p>
            movie
          </p>
        </div>
      </div>
      <div
        className="filmInfoContainer"
        onMouseEnter={[Function]}
        onMouseLeave={[Function]}
      >
        <a
          href="/film/tt0103359"
          onClick={[Function]}
        >
          <div
            className="filmName"
          >
            <p
              title="Batman: The Animated Series"
            >
              Batman: The Animated Seri...
            </p>
          </div>
        </a>
        <div
          className="addInfo"
        >
          <p>
            1992â€“1995
          </p>
          <p>
            series
          </p>
        </div>
      </div>
      <div
        className="filmInfoContainer"
        onMouseEnter={[Function]}
        onMouseLeave={[Function]}
      >
        <a
          href="/film/tt18689424"
          onClick={[Function]}
        >
          <div
            className="filmName"
          >
            <p
              title="Batman v Superman: Dawn of Justice (Ultimate Edition)"
            >
              Batman v Superman: Dawn o...
            </p>
          </div>
        </a>
        <div
          className="addInfo"
        >
          <p>
            2016
          </p>
          <p>
            movie
          </p>
        </div>
      </div>
    </div>
    <div
      className="navContainer"
    >
      <p
        className="pageInfo"
      >
        All items : 
        559
      </p>
      <div
        className="navArrowContainer"
      >
        <button
          className="arrow"
          onClick={[MockFunction]}
        >
          <svg
            height={50}
            viewBox="0 0 25 25"
            width={50}
            xmlns="http://www.w3.org/2000/svg"
          >
            <path
              d="M24 12.001H2.914l5.294-5.295-.707-.707L1 12.501l6.5 6.5.707-.707-5.293-5.293H24v-1z"
              data-name="Left"
            />
          </svg>
          <p>
            1-10
          </p>
        </button>
        <button
          className="arrow"
          onClick={[MockFunction]}
        >
          <p>
            549
          </p>
          <svg
            height={50}
            viewBox="0 0 25 25"
            width={50}
            xmlns="http://www.w3.org/2000/svg"
          >
            <path
              d="m17.5 5.999-.707.707 5.293 5.293H1v1h21.086l-5.294 5.295.707.707L24 12.499l-6.5-6.5z"
              data-name="Right"
            />
          </svg>
        </button>
      </div>
    </div>
  </div>
</div>
`;
